// Jest Snapshot v1, https://goo.gl/fbAQLP

exports[`SearchPage renders correctly 1`] = `
<SearchTemplate>
  <SEO
    description="Find articles by topic or title"
    keywords={Array []}
    lang="en"
    meta={Array []}
    title="Search"
  />
  <Header />
  <SearchResults
    articles={Array []}
    content={
      Object {
        "emptyState": Object {
          "cta": "Pick a trending topic",
          "parapgraph": "Grab a coffee and try another keyword, or check one of our coolest topics 😎",
          "subTitle": "There are no matches for your query 😭",
          "title": "Aw snap!",
        },
        "placeholder": "Start Typing",
        "seo": Object {
          "description": "Find articles by topic or title",
          "title": "Search",
        },
        "shared": Object {
          "readingTime": "min read",
        },
        "subTitle": "Trending Topics",
      }
    }
    performSearch={[Function]}
    searchQuery="foo"
    setSearchQuery={[Function]}
  />
  <Results
    content={
      Object {
        "emptyState": Object {
          "cta": "Pick a trending topic",
          "parapgraph": "Grab a coffee and try another keyword, or check one of our coolest topics 😎",
          "subTitle": "There are no matches for your query 😭",
          "title": "Aw snap!",
        },
        "placeholder": "Start Typing",
        "seo": Object {
          "description": "Find articles by topic or title",
          "title": "Search",
        },
        "shared": Object {
          "readingTime": "min read",
        },
        "subTitle": "Trending Topics",
      }
    }
    searchResults={null}
    trendingTopics={Array []}
  />
</SearchTemplate>
`;
