// Jest Snapshot v1, https://goo.gl/fbAQLP

exports[`SearchPage renders correctly 1`] = `
<SearchTemplate>
  <SEO
    keywords={Array []}
    lang="en"
    meta={Array []}
    slug="/search"
    title=""
  />
  <SearchResults
    articles={Array []}
    content={
      Object {
        "reference": "search.main",
      }
    }
    performSearch={[Function]}
    searchQuery="foo"
    setSearchQuery={[Function]}
  />
  <Results
    content={
      Object {
        "emptyContent": Object {
          "reference": "search.empty",
        },
        "mainContent": Object {
          "reference": "search.main",
        },
      }
    }
    searchResults={null}
    trendingTopics={Array []}
  />
</SearchTemplate>
`;
